// Jest Snapshot v1, https://goo.gl/fbAQLP

exports[`<NotificationsHistogram /> spec renders the component 1`] = `
<div
  class="euiPanel euiPanel--paddingMedium"
>
  <div
    class="euiFlexGroup euiFlexGroup--gutterLarge euiFlexGroup--alignItemsCenter euiFlexGroup--justifyContentSpaceBetween euiFlexGroup--directionRow euiFlexGroup--responsive"
    style="padding: 0px 0px;"
  >
    <div
      class="euiFlexItem"
    >
      <h3
        class="euiTitle euiTitle--medium"
      >
        Notifications by channel types
      </h3>
    </div>
    <div
      class="euiFlexItem euiFlexItem--flexGrowZero"
    >
      <div
        class="euiFlexGroup euiFlexGroup--gutterLarge euiFlexGroup--alignItemsCenter euiFlexGroup--justifyContentSpaceBetween euiFlexGroup--directionRow euiFlexGroup--responsive"
      >
        <div
          class="euiFlexItem"
        >
          <div
            class="euiFlexGroup euiFlexGroup--gutterLarge euiFlexGroup--alignItemsCenter euiFlexGroup--justifyContentSpaceBetween euiFlexGroup--directionRow euiFlexGroup--responsive"
          >
            <div
              class="euiFlexItem euiFlexItem--flexGrowZero"
            >
              <div
                class="euiPopover euiPopover--anchorDownCenter euiPopover--displayBlock euiSuperSelect euiSuperSelect--fullWidth"
              >
                <div
                  class="euiPopover__anchor"
                >
                  <input
                    type="hidden"
                    value=""
                  />
                  <div
                    class="euiFormControlLayout euiFormControlLayout--fullWidth euiFormControlLayout--group"
                  >
                    <label
                      class="euiFormLabel euiFormControlLayout__prepend"
                    >
                      Slice by
                    </label>
                    <div
                      class="euiFormControlLayout__childrenWrapper"
                    >
                      <span
                        class="euiScreenReaderOnly"
                        id="random_html_id"
                      >
                        Select an option: 
                        , is selected
                      </span>
                      <button
                        aria-haspopup="true"
                        aria-labelledby="undefined random_html_id"
                        class="euiSuperSelectControl euiSuperSelectControl--fullWidth euiSuperSelectControl--inGroup"
                        style="width: 300px;"
                        type="button"
                      />
                      <div
                        class="euiFormControlLayoutIcons euiFormControlLayoutIcons--right"
                      >
                        <span
                          class="euiFormControlLayoutCustomIcon"
                        >
                          <svg
                            aria-hidden="true"
                            class="euiIcon euiIcon--medium euiIcon-isLoading euiFormControlLayoutCustomIcon__icon"
                            focusable="false"
                            height="16"
                            role="img"
                            viewBox="0 0 16 16"
                            width="16"
                            xmlns="http://www.w3.org/2000/svg"
                          />
                        </span>
                      </div>
                    </div>
                  </div>
                </div>
              </div>
            </div>
          </div>
        </div>
      </div>
    </div>
  </div>
  <hr
    class="euiHorizontalRule euiHorizontalRule--full euiHorizontalRule--marginSmall"
  />
  <div
    style="padding: initial;"
  >
    <div
      class="euiSpacer euiSpacer--l"
    />
    <div
      class="echChart"
      style="width: 100%; height: 250px;"
    >
      <div
        class="echChartBackground"
        style="background-color: transparent;"
      />
      <div
        class="echChartStatus"
        data-ech-render-complete="false"
        data-ech-render-count="0"
      />
      <div
        class="echChartResizer"
      />
      <div
        class="echContainer"
      />
    </div>
  </div>
</div>
`;
