// Jest Snapshot v1, https://goo.gl/fbAQLP

exports[`<NotificationsSearchBar /> spec renders the component 1`] = `
<div
  class="euiFlexGroup euiFlexGroup--gutterSmall euiFlexGroup--alignItemsCenter euiFlexGroup--directionRow euiFlexGroup--responsive"
>
  <div
    class="euiFlexItem"
  >
    <div
      class="euiFormControlLayout euiFormControlLayout--fullWidth"
    >
      <div
        class="euiFormControlLayout__childrenWrapper"
      >
        <input
          class="euiFieldSearch euiFieldSearch--fullWidth"
          placeholder="Search"
          type="search"
        />
        <div
          class="euiFormControlLayoutIcons"
        >
          <span
            class="euiFormControlLayoutCustomIcon"
          >
            <svg
              aria-hidden="true"
              class="euiIcon euiIcon--medium euiIcon-isLoading euiFormControlLayoutCustomIcon__icon"
              focusable="false"
              height="16"
              role="img"
              viewBox="0 0 16 16"
              width="16"
              xmlns="http://www.w3.org/2000/svg"
            />
          </span>
        </div>
      </div>
    </div>
  </div>
  <div
    class="euiFlexItem euiFlexItem--flexGrowZero"
  >
    <div
      class="euiFlexGroup euiFlexGroup--gutterSmall euiFlexGroup--directionRow euiSuperDatePicker__flexWrapper euiSuperDatePicker__flexWrapper--noUpdateButton"
    >
      <div
        class="euiFlexItem"
      >
        <div
          class="euiFormControlLayout euiFormControlLayout--group euiSuperDatePicker"
        >
          <div
            class="euiPopover euiPopover--anchorDownLeft"
            id="QuickSelectPopover"
          >
            <div
              class="euiPopover__anchor euiQuickSelectPopover__anchor"
            >
              <button
                aria-label="Date quick select"
                class="euiButtonEmpty euiButtonEmpty--primary euiButtonEmpty--xSmall euiFormControlLayout__prepend"
                data-test-subj="superDatePickerToggleQuickMenuButton"
                type="button"
              >
                <span
                  class="euiButtonContent euiButtonContent--iconRight euiButtonEmpty__content"
                >
                  <svg
                    aria-hidden="true"
                    class="euiIcon euiIcon--medium euiIcon-isLoading euiButtonContent__icon"
                    focusable="false"
                    height="16"
                    role="img"
                    viewBox="0 0 16 16"
                    width="16"
                    xmlns="http://www.w3.org/2000/svg"
                  />
                  <span
                    class="euiButtonEmpty__text euiQuickSelectPopover__buttonText"
                  >
                    <svg
                      aria-hidden="true"
                      class="euiIcon euiIcon--medium euiIcon-isLoading"
                      focusable="false"
                      height="16"
                      role="img"
                      viewBox="0 0 16 16"
                      width="16"
                      xmlns="http://www.w3.org/2000/svg"
                    />
                  </span>
                </span>
              </button>
            </div>
          </div>
          <div
            class="euiFormControlLayout__childrenWrapper"
          >
            <div
              class="euiDatePickerRange euiDatePickerRange--inGroup"
            >
              <button
                class="euiSuperDatePicker__prettyFormat"
                data-test-subj="superDatePickerShowDatesButton"
              >
                Last 1 day
                <span
                  class="euiSuperDatePicker__prettyFormatLink"
                >
                  Show dates
                </span>
              </button>
            </div>
          </div>
        </div>
      </div>
    </div>
  </div>
  <div
    class="euiFlexItem euiFlexItem--flexGrowZero"
  >
    <button
      class="euiButton euiButton--primary"
      type="button"
    >
      <span
        class="euiButtonContent euiButton__content"
      >
        <svg
          aria-hidden="true"
          class="euiIcon euiIcon--medium euiIcon-isLoading euiButtonContent__icon"
          focusable="false"
          height="16"
          role="img"
          viewBox="0 0 16 16"
          width="16"
          xmlns="http://www.w3.org/2000/svg"
        />
        <span
          class="euiButton__text"
        >
          Refresh
        </span>
      </span>
    </button>
  </div>
</div>
`;
