// Jest Snapshot v1, https://goo.gl/fbAQLP

exports[`<CreateSESSenderModal/> spec renders the component 1`] = `null`;

exports[`<CreateSESSenderModal/> spec validates input 1`] = `null`;
