// Jest Snapshot v1, https://goo.gl/fbAQLP

exports[`<CreateChannel/> spec renders the component 1`] = `
<h1
  class="euiTitle euiTitle--large"
>
  Create channel
</h1>
`;
