// Jest Snapshot v1, https://goo.gl/fbAQLP

exports[`<EmailGroups/> spec renders the component 1`] = `
<h1
  class="euiTitle euiTitle--large"
>
  Email senders and recipient groups
</h1>
`;
