// Jest Snapshot v1, https://goo.gl/fbAQLP

exports[`<EmailSenders/> spec renders the component 1`] = `
<h1
  class="euiTitle euiTitle--large"
>
  Email senders
</h1>
`;
