// Jest Snapshot v1, https://goo.gl/fbAQLP

exports[`<SendersTable /> spec renders empty state 1`] = `
<div
  class="euiPanel euiPanel--paddingMedium"
>
  <div
    class="euiFlexGroup euiFlexGroup--gutterLarge euiFlexGroup--alignItemsCenter euiFlexGroup--justifyContentSpaceBetween euiFlexGroup--directionRow euiFlexGroup--responsive"
    style="padding: 0px 0px;"
  >
    <div
      class="euiFlexItem"
    >
      <h3
        class="euiTitle euiTitle--medium"
      >
        SMTP senders
        <span
          style="color: rgb(159, 159, 159); font-weight: 300;"
        >
           (0)
        </span>
      </h3>
    </div>
    <div
      class="euiFlexItem euiFlexItem--flexGrowZero"
    >
      <div
        class="euiFlexGroup euiFlexGroup--gutterLarge euiFlexGroup--alignItemsCenter euiFlexGroup--justifyContentSpaceBetween euiFlexGroup--directionRow euiFlexGroup--responsive"
      >
        <div
          class="euiFlexItem"
        >
          <div
            class="euiFlexGroup euiFlexGroup--gutterLarge euiFlexGroup--alignItemsCenter euiFlexGroup--justifyContentSpaceBetween euiFlexGroup--directionRow euiFlexGroup--responsive"
          >
            <div
              class="euiFlexItem euiFlexItem--flexGrowZero"
            >
              <button
                class="euiButton euiButton--primary euiButton-isDisabled"
                data-test-subj="senders-table-delete-button"
                disabled=""
                type="button"
              >
                <span
                  class="euiButtonContent euiButton__content"
                >
                  <span
                    class="euiButton__text"
                  >
                    Delete
                  </span>
                </span>
              </button>
            </div>
            <div
              class="euiFlexItem euiFlexItem--flexGrowZero"
            >
              <button
                class="euiButton euiButton--primary euiButton-isDisabled"
                data-test-subj="senders-table-edit-button"
                disabled=""
                type="button"
              >
                <span
                  class="euiButtonContent euiButton__content"
                >
                  <span
                    class="euiButton__text"
                  >
                    Edit
                  </span>
                </span>
              </button>
            </div>
            <div
              class="euiFlexItem euiFlexItem--flexGrowZero"
            >
              <a
                class="euiButton euiButton--primary euiButton--fill"
                href="#/create-smtp-sender"
                rel="noreferrer"
              >
                <span
                  class="euiButtonContent euiButton__content"
                >
                  <span
                    class="euiButton__text"
                  >
                    Create SMTP sender
                  </span>
                </span>
              </a>
            </div>
          </div>
        </div>
      </div>
    </div>
  </div>
  <hr
    class="euiHorizontalRule euiHorizontalRule--full euiHorizontalRule--marginSmall"
  />
  <div
    style="padding: initial;"
  >
    <div
      class="euiFormControlLayout euiFormControlLayout--fullWidth"
    >
      <div
        class="euiFormControlLayout__childrenWrapper"
      >
        <input
          class="euiFieldSearch euiFieldSearch--fullWidth euiFieldSearch-isClearable"
          data-test-subj="senders-table-search-input"
          placeholder="Search"
          type="search"
        />
        <div
          class="euiFormControlLayoutIcons"
        >
          <span
            class="euiFormControlLayoutCustomIcon"
          >
            <svg
              aria-hidden="true"
              class="euiIcon euiIcon--medium euiIcon-isLoading euiFormControlLayoutCustomIcon__icon"
              focusable="false"
              height="16"
              role="img"
              viewBox="0 0 16 16"
              width="16"
              xmlns="http://www.w3.org/2000/svg"
            />
          </span>
        </div>
      </div>
    </div>
    <hr
      class="euiHorizontalRule euiHorizontalRule--full euiHorizontalRule--marginSmall"
    />
    <div
      class="euiBasicTable euiBasicTable-loading"
    >
      <div>
        <div
          class="euiTableHeaderMobile"
        >
          <div
            class="euiFlexGroup euiFlexGroup--gutterLarge euiFlexGroup--alignItemsBaseline euiFlexGroup--justifyContentSpaceBetween euiFlexGroup--directionRow"
          >
            <div
              class="euiFlexItem euiFlexItem--flexGrowZero"
            >
              <div
                class="euiCheckbox"
              >
                <input
                  aria-label="Select all rows"
                  class="euiCheckbox__input"
                  disabled=""
                  id="_selection_column-checkbox_random_html_id"
                  type="checkbox"
                />
                <div
                  class="euiCheckbox__square"
                />
                <label
                  class="euiCheckbox__label"
                  for="_selection_column-checkbox_random_html_id"
                >
                  Select all rows
                </label>
              </div>
            </div>
            <div
              class="euiFlexItem euiFlexItem--flexGrowZero"
            >
              <div
                class="euiTableSortMobile"
              >
                <div
                  class="euiPopover euiPopover--anchorDownRight"
                >
                  <div
                    class="euiPopover__anchor"
                  >
                    <button
                      class="euiButtonEmpty euiButtonEmpty--primary euiButtonEmpty--xSmall euiButtonEmpty--flushRight"
                      type="button"
                    >
                      <span
                        class="euiButtonContent euiButtonContent--iconRight euiButtonEmpty__content"
                      >
                        <svg
                          aria-hidden="true"
                          class="euiIcon euiIcon--medium euiIcon-isLoading euiButtonContent__icon"
                          focusable="false"
                          height="16"
                          role="img"
                          viewBox="0 0 16 16"
                          width="16"
                          xmlns="http://www.w3.org/2000/svg"
                        />
                        <span
                          class="euiButtonEmpty__text"
                        >
                          Sorting
                        </span>
                      </span>
                    </button>
                  </div>
                </div>
              </div>
            </div>
          </div>
        </div>
        <table
          class="euiTable euiTable--responsive"
          id="random_html_id"
          tabindex="-1"
        >
          <caption
            class="euiScreenReaderOnly euiTableCaption"
          />
          <thead>
            <tr>
              <th
                class="euiTableHeaderCellCheckbox"
                scope="col"
              >
                <div
                  class="euiTableCellContent"
                >
                  <div
                    class="euiCheckbox euiCheckbox--inList euiCheckbox--noLabel"
                  >
                    <input
                      aria-label="Select all rows"
                      class="euiCheckbox__input"
                      data-test-subj="checkboxSelectAll"
                      disabled=""
                      id="_selection_column-checkbox_random_html_id"
                      type="checkbox"
                    />
                    <div
                      class="euiCheckbox__square"
                    />
                  </div>
                </div>
              </th>
              <th
                aria-live="polite"
                aria-sort="ascending"
                class="euiTableHeaderCell"
                data-test-subj="tableHeaderCell_name_0"
                role="columnheader"
                scope="col"
                style="width: 200px;"
              >
                <button
                  class="euiTableHeaderButton euiTableHeaderButton-isSorted"
                  data-test-subj="tableHeaderSortButton"
                  type="button"
                >
                  <span
                    class="euiTableCellContent"
                  >
                    <span
                      class="euiTableCellContent__text"
                      title="Name; Sorted in ascending order"
                    >
                      Name
                    </span>
                    <svg
                      aria-hidden="true"
                      aria-label="Sorted in ascending order"
                      class="euiIcon euiIcon--medium euiIcon-isLoading euiTableSortIcon"
                      focusable="false"
                      height="16"
                      role="img"
                      viewBox="0 0 16 16"
                      width="16"
                      xmlns="http://www.w3.org/2000/svg"
                    />
                    <span
                      class="euiScreenReaderOnly"
                    >
                      Click to sort in descending order
                    </span>
                  </span>
                </button>
              </th>
              <th
                aria-live="polite"
                aria-sort="none"
                class="euiTableHeaderCell"
                data-test-subj="tableHeaderCell_smtp_account.from_address_1"
                role="columnheader"
                scope="col"
                style="width: 200px;"
              >
                <button
                  class="euiTableHeaderButton"
                  data-test-subj="tableHeaderSortButton"
                  type="button"
                >
                  <span
                    class="euiTableCellContent"
                  >
                    <span
                      class="euiTableCellContent__text"
                      title="Outbound email address"
                    >
                      Outbound email address
                    </span>
                    <span
                      class="euiScreenReaderOnly"
                    >
                      Click to sort in ascending order
                    </span>
                  </span>
                </button>
              </th>
              <th
                aria-live="polite"
                aria-sort="none"
                class="euiTableHeaderCell"
                data-test-subj="tableHeaderCell_smtp_account.host_2"
                role="columnheader"
                scope="col"
                style="width: 200px;"
              >
                <button
                  class="euiTableHeaderButton"
                  data-test-subj="tableHeaderSortButton"
                  type="button"
                >
                  <span
                    class="euiTableCellContent"
                  >
                    <span
                      class="euiTableCellContent__text"
                      title="Host"
                    >
                      Host
                    </span>
                    <span
                      class="euiScreenReaderOnly"
                    >
                      Click to sort in ascending order
                    </span>
                  </span>
                </button>
              </th>
              <th
                class="euiTableHeaderCell"
                data-test-subj="tableHeaderCell_smtp_account.port_3"
                role="columnheader"
                scope="col"
                style="width: 200px;"
              >
                <div
                  class="euiTableCellContent"
                >
                  <span
                    class="euiTableCellContent__text"
                    title="Port"
                  >
                    Port
                  </span>
                </div>
              </th>
              <th
                aria-live="polite"
                aria-sort="none"
                class="euiTableHeaderCell"
                data-test-subj="tableHeaderCell_smtp_account.method_4"
                role="columnheader"
                scope="col"
                style="width: 200px;"
              >
                <button
                  class="euiTableHeaderButton"
                  data-test-subj="tableHeaderSortButton"
                  type="button"
                >
                  <span
                    class="euiTableCellContent"
                  >
                    <span
                      class="euiTableCellContent__text"
                      title="Encryption method"
                    >
                      Encryption method
                    </span>
                    <span
                      class="euiScreenReaderOnly"
                    >
                      Click to sort in ascending order
                    </span>
                  </span>
                </button>
              </th>
            </tr>
          </thead>
          <tbody>
            <tr
              class="euiTableRow"
            >
              <td
                class="euiTableRowCell euiTableRowCell--isMobileFullWidth"
                colspan="6"
              >
                <div
                  class="euiTableCellContent euiTableCellContent--alignCenter"
                >
                  <span
                    class="euiTableCellContent__text"
                  >
                    <div
                      class="euiEmptyPrompt"
                    >
                      <span
                        class="euiTextColor euiTextColor--subdued"
                      >
                        <h2
                          class="euiTitle euiTitle--medium"
                        >
                          No SMTP senders to display
                        </h2>
                        <div
                          class="euiSpacer euiSpacer--m"
                        />
                        <div
                          class="euiText euiText--medium"
                        >
                          Set up an outbound email server by creating a sender. You will select a sender when configuring email channels.
                        </div>
                      </span>
                      <div
                        class="euiSpacer euiSpacer--l"
                      />
                      <div
                        class="euiSpacer euiSpacer--s"
                      />
                      <a
                        class="euiButton euiButton--primary"
                        href="#/create-smtp-sender"
                        rel="noreferrer"
                      >
                        <span
                          class="euiButtonContent euiButton__content"
                        >
                          <span
                            class="euiButton__text"
                          >
                            Create SMTP sender
                          </span>
                        </span>
                      </a>
                    </div>
                  </span>
                </div>
              </td>
            </tr>
          </tbody>
        </table>
      </div>
    </div>
  </div>
</div>
`;
